mvn : WARNING: A terminally deprecated method in sun.misc.Unsafe has been called
At line:1 char:1
+ mvn compile -e > compile_errors.txt 2>&1; cat compile_errors.txt
+ ~~~~~~~~~~~~~~~~~~~~~~~~~~~~~~~~~~~~~~~~
    + CategoryInfo          : NotSpecified: (WARNING: A term...has been called:String) [], RemoteException
    + FullyQualifiedErrorId : NativeCommandError
 
WARNING: sun.misc.Unsafe::staticFieldBase has been called by com.google.inject.internal.aop.HiddenClassDefiner 
(file:/C:/Program%20Files/Apache/Maven/apache-maven-3.9.11/lib/guice-5.1.0-classes.jar)
WARNING: Please consider reporting this to the maintainers of class com.google.inject.internal.aop.HiddenClassDefiner
WARNING: sun.misc.Unsafe::staticFieldBase will be removed in a future release
[INFO] Error stacktraces are turned on.
[INFO] Scanning for projects...
[INFO] 
[INFO] -----------< com.substring.resume.analyzer:resume-analyzer >------------
[INFO] Building resume-analyzer 0.0.1-SNAPSHOT
[INFO]   from pom.xml
[INFO] --------------------------------[ jar ]---------------------------------
[INFO] 
[INFO] --- resources:3.3.1:resources (default-resources) @ resume-analyzer ---
[INFO] Copying 1 resource from src\main\resources to target\classes
[INFO] Copying 2 resources from src\main\resources to target\classes
[INFO] 
[INFO] --- compiler:3.14.1:compile (default-compile) @ resume-analyzer ---
[INFO] Recompiling the module because of changed source code.
[INFO] Compiling 30 source files with javac [debug parameters release 25] to target\classes
[INFO] -------------------------------------------------------------
[ERROR] COMPILATION ERROR : 
[INFO] -------------------------------------------------------------
[ERROR] /C:/Users/chakr/.gemini/antigravity/playground/binary-comet/Resume-Analyzer/src/main/java/com/substring/resume/analyzer/config/ProjectConfig.java:[4,42] package org.springframework.ai.chat.client does not exist
[ERROR] /C:/Users/chakr/.gemini/antigravity/playground/binary-comet/Resume-Analyzer/src/main/java/com/substring/resume/analyzer/config/ProjectConfig.java:[5,43] package org.springframework.ai.google.genai does not exist
[ERROR] /C:/Users/chakr/.gemini/antigravity/playground/binary-comet/Resume-Analyzer/src/main/java/com/substring/resume/analyzer/config/ProjectConfig.java:[6,43] package org.springframework.ai.google.genai does not exist
[ERROR] /C:/Users/chakr/.gemini/antigravity/playground/binary-comet/Resume-Analyzer/src/main/java/com/substring/resume/analyzer/config/ProjectConfig.java:[16,44] package ChatClient does not exist
[ERROR] /C:/Users/chakr/.gemini/antigravity/playground/binary-comet/Resume-Analyzer/src/main/java/com/substring/resume/analyzer/config/ProjectConfig.java:[16,12] cannot find symbol
  symbol:   class ChatClient
  location: class com.substring.resume.analyzer.config.ProjectConfig
[ERROR] /C:/Users/chakr/.gemini/antigravity/playground/binary-comet/Resume-Analyzer/src/main/java/com/substring/resume/analyzer/services/implementation/AiService.java:[5,42] package org.springframework.ai.chat.client does not exist
[ERROR] /C:/Users/chakr/.gemini/antigravity/playground/binary-comet/Resume-Analyzer/src/main/java/com/substring/resume/analyzer/services/implementation/AiService.java:[11,19] cannot find symbol
  symbol:   class ChatClient
  location: class com.substring.resume.analyzer.services.implementation.AiService
[ERROR] /C:/Users/chakr/.gemini/antigravity/playground/binary-comet/Resume-Analyzer/src/main/java/com/substring/resume/analyzer/services/implementation/AiService.java:[9,1] cannot find symbol
  symbol:   class ChatClient
  location: class com.substring.resume.analyzer.services.implementation.AiService
[ERROR] /C:/Users/chakr/.gemini/antigravity/playground/binary-comet/Resume-Analyzer/src/main/java/com/substring/resume/analyzer/services/FileParserService.java:[6,46] cannot find symbol
  symbol:   class OdfTextParagraph
  location: package org.odftoolkit.odfdom.dom.element.text
[ERROR] /C:/Users/chakr/.gemini/antigravity/playground/binary-comet/Resume-Analyzer/src/main/java/com/substring/resume/analyzer/services/FileParserService.java:[25,31] package org.rtfparserkit.parser does not exist
[ERROR] /C:/Users/chakr/.gemini/antigravity/playground/binary-comet/Resume-Analyzer/src/main/java/com/substring/resume/analyzer/services/FileParserService.java:[26,31] package org.rtfparserkit.parser does not exist
[ERROR] /C:/Users/chakr/.gemini/antigravity/playground/binary-comet/Resume-Analyzer/src/main/java/com/substring/resume/analyzer/services/FileParserService.java:[27,31] package org.rtfparserkit.parser does not exist
[ERROR] /C:/Users/chakr/.gemini/antigravity/playground/binary-comet/Resume-Analyzer/src/main/java/com/substring/resume/analyzer/services/FileParserService.java:[28,31] package org.rtfparserkit.parser does not exist
[ERROR] /C:/Users/chakr/.gemini/antigravity/playground/binary-comet/Resume-Analyzer/src/main/java/com/substring/resume/analyzer/services/FileParserService.java:[29,40] package org.rtfparserkit.parser.standard does not exist
[ERROR] /C:/Users/chakr/.gemini/antigravity/playground/binary-comet/Resume-Analyzer/src/main/java/com/substring/resume/analyzer/services/FileParserService.java:[30,39] package org.rtfparserkit.converter.text does not exist
[ERROR] /C:/Users/chakr/.gemini/antigravity/playground/binary-comet/Resume-Analyzer/src/main/java/com/substring/resume/analyzer/services/ResumeGeneratorService.java:[3,29] package com.itextpdf.html2pdf does not exist
[ERROR] /C:/Users/chakr/.gemini/antigravity/playground/binary-comet/Resume-Analyzer/src/main/java/com/substring/resume/analyzer/services/ResumeGeneratorService.java:[6,33] package com.vladsch.flexmark.html does not exist
[ERROR] /C:/Users/chakr/.gemini/antigravity/playground/binary-comet/Resume-Analyzer/src/main/java/com/substring/resume/analyzer/services/ResumeGeneratorService.java:[7,35] package com.vladsch.flexmark.parser does not exist
[ERROR] /C:/Users/chakr/.gemini/antigravity/playground/binary-comet/Resume-Analyzer/src/main/java/com/substring/resume/analyzer/services/ResumeGeneratorService.java:[8,38] package com.vladsch.flexmark.util.data does not exist
[ERROR] /C:/Users/chakr/.gemini/antigravity/playground/binary-comet/Resume-Analyzer/src/main/java/com/substring/resume/analyzer/services/ResumeGeneratorService.java:[11,29] package org.thymeleaf.context does not exist
[ERROR] /C:/Users/chakr/.gemini/antigravity/playground/binary-comet/Resume-Analyzer/src/main/java/com/substring/resume/analyzer/services/ResumeGeneratorService.java:[12,29] package org.thymeleaf.spring6 does not exist
[ERROR] /C:/Users/chakr/.gemini/antigravity/playground/binary-comet/Resume-Analyzer/src/main/java/com/substring/resume/analyzer/services/ResumeGeneratorService.java:[21,19] cannot find symbol
  symbol:   class SpringTemplateEngine
  location: class com.substring.resume.analyzer.services.ResumeGeneratorService
[ERROR] /C:/Users/chakr/.gemini/antigravity/playground/binary-comet/Resume-Analyzer/src/main/java/com/substring/resume/analyzer/services/ResumeGeneratorService.java:[17,1] cannot find symbol
  symbol:   class SpringTemplateEngine
  location: class com.substring.resume.analyzer.services.ResumeGeneratorService
[ERROR] /C:/Users/chakr/.gemini/antigravity/playground/binary-comet/Resume-Analyzer/src/main/java/com/substring/resume/analyzer/services/implementation/ResumeServiceImpl.java:[15,42] package org.springframework.ai.chat.client does not exist
[ERROR] /C:/Users/chakr/.gemini/antigravity/playground/binary-comet/Resume-Analyzer/src/main/java/com/substring/resume/analyzer/services/implementation/ResumeServiceImpl.java:[16,40] package org.springframework.ai.converter does not exist
[ERROR] /C:/Users/chakr/.gemini/antigravity/playground/binary-comet/Resume-Analyzer/src/main/java/com/substring/resume/analyzer/services/implementation/ResumeServiceImpl.java:[31,19] cannot find symbol
  symbol:   class ChatClient
  location: class com.substring.resume.analyzer.services.implementation.ResumeServiceImpl
[ERROR] /C:/Users/chakr/.gemini/antigravity/playground/binary-comet/Resume-Analyzer/src/main/java/com/substring/resume/analyzer/services/implementation/ResumeServiceImpl.java:[24,1] cannot find symbol
  symbol:   class ChatClient
  location: class com.substring.resume.analyzer.services.implementation.ResumeServiceImpl
[INFO] 27 errors 
[INFO] -------------------------------------------------------------
[INFO] ------------------------------------------------------------------------
[INFO] BUILD FAILURE
[INFO] ------------------------------------------------------------------------
[INFO] Total time:  7.112 s
[INFO] Finished at: 2026-04-02T06:47:06+05:30
[INFO] ------------------------------------------------------------------------
[ERROR] Failed to execute goal org.apache.maven.plugins:maven-compiler-plugin:3.14.1:compile (default-compile) on project resume-analyzer: Compilation failure: Compilation failure: 
[ERROR] /C:/Users/chakr/.gemini/antigravity/playground/binary-comet/Resume-Analyzer/src/main/java/com/substring/resume/analyzer/config/ProjectConfig.java:[4,42] package org.springframework.ai.chat.client does not exist
[ERROR] /C:/Users/chakr/.gemini/antigravity/playground/binary-comet/Resume-Analyzer/src/main/java/com/substring/resume/analyzer/config/ProjectConfig.java:[5,43] package org.springframework.ai.google.genai does not exist
[ERROR] /C:/Users/chakr/.gemini/antigravity/playground/binary-comet/Resume-Analyzer/src/main/java/com/substring/resume/analyzer/config/ProjectConfig.java:[6,43] package org.springframework.ai.google.genai does not exist
[ERROR] /C:/Users/chakr/.gemini/antigravity/playground/binary-comet/Resume-Analyzer/src/main/java/com/substring/resume/analyzer/config/ProjectConfig.java:[16,44] package ChatClient does not exist
[ERROR] /C:/Users/chakr/.gemini/antigravity/playground/binary-comet/Resume-Analyzer/src/main/java/com/substring/resume/analyzer/config/ProjectConfig.java:[16,12] cannot find symbol
[ERROR]   symbol:   class ChatClient
[ERROR]   location: class com.substring.resume.analyzer.config.ProjectConfig
[ERROR] /C:/Users/chakr/.gemini/antigravity/playground/binary-comet/Resume-Analyzer/src/main/java/com/substring/resume/analyzer/services/implementation/AiService.java:[5,42] package org.springframework.ai.chat.client does not exist
[ERROR] /C:/Users/chakr/.gemini/antigravity/playground/binary-comet/Resume-Analyzer/src/main/java/com/substring/resume/analyzer/services/implementation/AiService.java:[11,19] cannot find symbol
[ERROR]   symbol:   class ChatClient
[ERROR]   location: class com.substring.resume.analyzer.services.implementation.AiService
[ERROR] /C:/Users/chakr/.gemini/antigravity/playground/binary-comet/Resume-Analyzer/src/main/java/com/substring/resume/analyzer/services/implementation/AiService.java:[9,1] cannot find symbol
[ERROR]   symbol:   class ChatClient
[ERROR]   location: class com.substring.resume.analyzer.services.implementation.AiService
[ERROR] /C:/Users/chakr/.gemini/antigravity/playground/binary-comet/Resume-Analyzer/src/main/java/com/substring/resume/analyzer/services/FileParserService.java:[6,46] cannot find symbol
[ERROR]   symbol:   class OdfTextParagraph
[ERROR]   location: package org.odftoolkit.odfdom.dom.element.text
[ERROR] /C:/Users/chakr/.gemini/antigravity/playground/binary-comet/Resume-Analyzer/src/main/java/com/substring/resume/analyzer/services/FileParserService.java:[25,31] package org.rtfparserkit.parser does not exist
[ERROR] /C:/Users/chakr/.gemini/antigravity/playground/binary-comet/Resume-Analyzer/src/main/java/com/substring/resume/analyzer/services/FileParserService.java:[26,31] package org.rtfparserkit.parser does not exist
[ERROR] /C:/Users/chakr/.gemini/antigravity/playground/binary-comet/Resume-Analyzer/src/main/java/com/substring/resume/analyzer/services/FileParserService.java:[27,31] package org.rtfparserkit.parser does not exist
[ERROR] /C:/Users/chakr/.gemini/antigravity/playground/binary-comet/Resume-Analyzer/src/main/java/com/substring/resume/analyzer/services/FileParserService.java:[28,31] package org.rtfparserkit.parser does not exist
[ERROR] /C:/Users/chakr/.gemini/antigravity/playground/binary-comet/Resume-Analyzer/src/main/java/com/substring/resume/analyzer/services/FileParserService.java:[29,40] package org.rtfparserkit.parser.standard does not exist
[ERROR] /C:/Users/chakr/.gemini/antigravity/playground/binary-comet/Resume-Analyzer/src/main/java/com/substring/resume/analyzer/services/FileParserService.java:[30,39] package org.rtfparserkit.converter.text does not exist
[ERROR] /C:/Users/chakr/.gemini/antigravity/playground/binary-comet/Resume-Analyzer/src/main/java/com/substring/resume/analyzer/services/ResumeGeneratorService.java:[3,29] package com.itextpdf.html2pdf does not exist
[ERROR] /C:/Users/chakr/.gemini/antigravity/playground/binary-comet/Resume-Analyzer/src/main/java/com/substring/resume/analyzer/services/ResumeGeneratorService.java:[6,33] package com.vladsch.flexmark.html does not exist
[ERROR] /C:/Users/chakr/.gemini/antigravity/playground/binary-comet/Resume-Analyzer/src/main/java/com/substring/resume/analyzer/services/ResumeGeneratorService.java:[7,35] package com.vladsch.flexmark.parser does not exist
[ERROR] /C:/Users/chakr/.gemini/antigravity/playground/binary-comet/Resume-Analyzer/src/main/java/com/substring/resume/analyzer/services/ResumeGeneratorService.java:[8,38] package com.vladsch.flexmark.util.data does not exist
[ERROR] /C:/Users/chakr/.gemini/antigravity/playground/binary-comet/Resume-Analyzer/src/main/java/com/substring/resume/analyzer/services/ResumeGeneratorService.java:[11,29] package org.thymeleaf.context does not exist
[ERROR] /C:/Users/chakr/.gemini/antigravity/playground/binary-comet/Resume-Analyzer/src/main/java/com/substring/resume/analyzer/services/ResumeGeneratorService.java:[12,29] package org.thymeleaf.spring6 does not exist
[ERROR] /C:/Users/chakr/.gemini/antigravity/playground/binary-comet/Resume-Analyzer/src/main/java/com/substring/resume/analyzer/services/ResumeGeneratorService.java:[21,19] cannot find symbol
[ERROR]   symbol:   class SpringTemplateEngine
[ERROR]   location: class com.substring.resume.analyzer.services.ResumeGeneratorService
[ERROR] /C:/Users/chakr/.gemini/antigravity/playground/binary-comet/Resume-Analyzer/src/main/java/com/substring/resume/analyzer/services/ResumeGeneratorService.java:[17,1] cannot find symbol
[ERROR]   symbol:   class SpringTemplateEngine
[ERROR]   location: class com.substring.resume.analyzer.services.ResumeGeneratorService
[ERROR] /C:/Users/chakr/.gemini/antigravity/playground/binary-comet/Resume-Analyzer/src/main/java/com/substring/resume/analyzer/services/implementation/ResumeServiceImpl.java:[15,42] package org.springframework.ai.chat.client does not exist
[ERROR] /C:/Users/chakr/.gemini/antigravity/playground/binary-comet/Resume-Analyzer/src/main/java/com/substring/resume/analyzer/services/implementation/ResumeServiceImpl.java:[16,40] package org.springframework.ai.converter does not exist
[ERROR] /C:/Users/chakr/.gemini/antigravity/playground/binary-comet/Resume-Analyzer/src/main/java/com/substring/resume/analyzer/services/implementation/ResumeServiceImpl.java:[31,19] cannot find symbol
[ERROR]   symbol:   class ChatClient
[ERROR]   location: class com.substring.resume.analyzer.services.implementation.ResumeServiceImpl
[ERROR] /C:/Users/chakr/.gemini/antigravity/playground/binary-comet/Resume-Analyzer/src/main/java/com/substring/resume/analyzer/services/implementation/ResumeServiceImpl.java:[24,1] cannot find symbol
[ERROR]   symbol:   class ChatClient
[ERROR]   location: class com.substring.resume.analyzer.services.implementation.ResumeServiceImpl
[ERROR] -> [Help 1]
org.apache.maven.lifecycle.LifecycleExecutionException: Failed to execute goal org.apache.maven.plugins:maven-compiler-plugin:3.14.1:compile (default-compile) on project resume-analyzer: Compilation failure
    at org.apache.maven.lifecycle.internal.MojoExecutor.doExecute2 (MojoExecutor.java:333)
    at org.apache.maven.lifecycle.internal.MojoExecutor.doExecute (MojoExecutor.java:316)
    at org.apache.maven.lifecycle.internal.MojoExecutor.execute (MojoExecutor.java:212)
    at org.apache.maven.lifecycle.internal.MojoExecutor.execute (MojoExecutor.java:174)
    at org.apache.maven.lifecycle.internal.MojoExecutor.access$000 (MojoExecutor.java:75)
    at org.apache.maven.lifecycle.internal.MojoExecutor$1.run (MojoExecutor.java:162)
    at org.apache.maven.plugin.DefaultMojosExecutionStrategy.execute (DefaultMojosExecutionStrategy.java:39)
    at org.apache.maven.lifecycle.internal.MojoExecutor.execute (MojoExecutor.java:159)
    at org.apache.maven.lifecycle.internal.LifecycleModuleBuilder.buildProject (LifecycleModuleBuilder.java:105)
    at org.apache.maven.lifecycle.internal.LifecycleModuleBuilder.buildProject (LifecycleModuleBuilder.java:73)
    at org.apache.maven.lifecycle.internal.builder.singlethreaded.SingleThreadedBuilder.build (SingleThreadedBuilder.java:53)
    at org.apache.maven.lifecycle.internal.LifecycleStarter.execute (LifecycleStarter.java:118)
    at org.apache.maven.DefaultMaven.doExecute (DefaultMaven.java:261)
    at org.apache.maven.DefaultMaven.doExecute (DefaultMaven.java:173)
    at org.apache.maven.DefaultMaven.execute (DefaultMaven.java:101)
    at org.apache.maven.cli.MavenCli.execute (MavenCli.java:906)
    at org.apache.maven.cli.MavenCli.doMain (MavenCli.java:283)
    at org.apache.maven.cli.MavenCli.main (MavenCli.java:206)
    at jdk.internal.reflect.DirectMethodHandleAccessor.invoke (DirectMethodHandleAccessor.java:104)
    at java.lang.reflect.Method.invoke (Method.java:565)
    at org.codehaus.plexus.classworlds.launcher.Launcher.launchEnhanced (Launcher.java:255)
    at org.codehaus.plexus.classworlds.launcher.Launcher.launch (Launcher.java:201)
    at org.codehaus.plexus.classworlds.launcher.Launcher.mainWithExitCode (Launcher.java:361)
    at org.codehaus.plexus.classworlds.launcher.Launcher.main (Launcher.java:314)
Caused by: org.apache.maven.plugin.compiler.CompilationFailureException: Compilation failure
    at org.apache.maven.plugin.compiler.AbstractCompilerMojo.executeReal (AbstractCompilerMojo.java:1318)
    at org.apache.maven.plugin.compiler.AbstractCompilerMojo.execute (AbstractCompilerMojo.java:708)
    at org.apache.maven.plugin.compiler.CompilerMojo.execute (CompilerMojo.java:235)
    at org.apache.maven.plugin.DefaultBuildPluginManager.executeMojo (DefaultBuildPluginManager.java:126)
    at org.apache.maven.lifecycle.internal.MojoExecutor.doExecute2 (MojoExecutor.java:328)
    at org.apache.maven.lifecycle.internal.MojoExecutor.doExecute (MojoExecutor.java:316)
    at org.apache.maven.lifecycle.internal.MojoExecutor.execute (MojoExecutor.java:212)
    at org.apache.maven.lifecycle.internal.MojoExecutor.execute (MojoExecutor.java:174)
    at org.apache.maven.lifecycle.internal.MojoExecutor.access$000 (MojoExecutor.java:75)
    at org.apache.maven.lifecycle.internal.MojoExecutor$1.run (MojoExecutor.java:162)
    at org.apache.maven.plugin.DefaultMojosExecutionStrategy.execute (DefaultMojosExecutionStrategy.java:39)
    at org.apache.maven.lifecycle.internal.MojoExecutor.execute (MojoExecutor.java:159)
    at org.apache.maven.lifecycle.internal.LifecycleModuleBuilder.buildProject (LifecycleModuleBuilder.java:105)
    at org.apache.maven.lifecycle.internal.LifecycleModuleBuilder.buildProject (LifecycleModuleBuilder.java:73)
    at org.apache.maven.lifecycle.internal.builder.singlethreaded.SingleThreadedBuilder.build (SingleThreadedBuilder.java:53)
    at org.apache.maven.lifecycle.internal.LifecycleStarter.execute (LifecycleStarter.java:118)
    at org.apache.maven.DefaultMaven.doExecute (DefaultMaven.java:261)
    at org.apache.maven.DefaultMaven.doExecute (DefaultMaven.java:173)
    at org.apache.maven.DefaultMaven.execute (DefaultMaven.java:101)
    at org.apache.maven.cli.MavenCli.execute (MavenCli.java:906)
    at org.apache.maven.cli.MavenCli.doMain (MavenCli.java:283)
    at org.apache.maven.cli.MavenCli.main (MavenCli.java:206)
    at jdk.internal.reflect.DirectMethodHandleAccessor.invoke (DirectMethodHandleAccessor.java:104)
    at java.lang.reflect.Method.invoke (Method.java:565)
    at org.codehaus.plexus.classworlds.launcher.Launcher.launchEnhanced (Launcher.java:255)
    at org.codehaus.plexus.classworlds.launcher.Launcher.launch (Launcher.java:201)
    at org.codehaus.plexus.classworlds.launcher.Launcher.mainWithExitCode (Launcher.java:361)
    at org.codehaus.plexus.classworlds.launcher.Launcher.main (Launcher.java:314)
[ERROR] 
[ERROR] Re-run Maven using the -X switch to enable full debug logging.
[ERROR] 
[ERROR] For more information about the errors and possible solutions, please read the following articles:
[ERROR] [Help 1] http://cwiki.apache.org/confluence/display/MAVEN/MojoFailureException
